[36mvite v7.3.1 [32mbuilding client environment for production...[36m[39m
transforming...
[32mΓ£ô[39m 1761 modules transformed.
rendering chunks...
computing gzip size...
[2mdist/[22m[32mindex.html                 [39m[1m[2m  0.46 kB[22m[1m[22m[2m Γöé gzip:  0.30 kB[22m
[2mdist/[22m[35massets/index-YO3xFkcz.css  [39m[1m[2m 16.61 kB[22m[1m[22m[2m Γöé gzip:  3.59 kB[22m
[2mdist/[22m[36massets/index-CYiDvKdt.js   [39m[1m[2m212.99 kB[22m[1m[22m[2m Γöé gzip: 66.05 kB[22m
[32mΓ£ô built in 2.66s[39m
